// Jest Snapshot v1, https://goo.gl/fbAQLP

exports[`Counter snapshot renders 1`] = `
<nav
  id="nav-wrap"
/>
`;

exports[`data 1`] = `
Object {
  "default": [Function],
}
`;

exports[`wrapper to nav bar snapshot renders 1`] = `
<nav
  id="nav-wrap"
/>
`;
